SLURMD_NODENAME = hpc-52-37
Start time = Thu Jun  5 03:14:12 PM PDT 2025
/central/home/junjiey/anaconda3/bin/activate
OMP_NUM_THREADS = 32
MKL_NUM_THREADS = 1
OPENBLAS_NUM_THREADS = 1
PYSCF_MAX_MEMORY = 327680
TMPDIR = /resnick/scratch/yangjunjie//debug/50024454/
PYSCF_TMPDIR = /resnick/scratch/yangjunjie//debug/50024454/

Running /resnick/groups/changroup/members/junjiey/fftisdf-for-dmet/test/test-diamond-mp2/main.py with:
name: diamond
xc: None
kmesh: 2-2-2
basis: gth-dzvp
pseudo: gth-pbe
lno_thresh: 3e-05
density_fitting_method: rsdf
is_unrestricted: False
init_guess_method: minao
df_to_read: None


Using RSDF, method = rsdf
Using default settings for GDF
Big error detected in the electron number of initial guess density matrix (Ne/cell = 7.93188)!
  This can cause huge error in Fock matrix and lead to instability in SCF for low-dimensional systems.
  DM is normalized wrt the number of electrons 8.0

WARN: Weak orthogonality for localized orbitals 1.3789833589667062e-09

 ** Mulliken pop on meta-lowdin orthogonal AOs **
 ** Mulliken pop  **
pop of  0 C 2s            1.83096
pop of  0 C 3s            0.00000
pop of  0 C 2px           0.72301
pop of  0 C 2py           0.72301
pop of  0 C 2pz           0.72301
pop of  0 C 3px           0.00000
pop of  0 C 3py           0.00000
pop of  0 C 3pz           0.00000
pop of  0 C 3dxy          0.00000
pop of  0 C 3dyz          0.00000
pop of  0 C 3dz^2         0.00000
pop of  0 C 3dxz          0.00000
pop of  0 C 3dx2-y2       0.00000
pop of  1 C 2s            1.83096
pop of  1 C 3s            0.00000
pop of  1 C 2px           0.72301
pop of  1 C 2py           0.72301
pop of  1 C 2pz           0.72301
pop of  1 C 3px           0.00000
pop of  1 C 3py           0.00000
pop of  1 C 3pz           0.00000
pop of  1 C 3dxy          0.00000
pop of  1 C 3dyz          0.00000
pop of  1 C 3dz^2         0.00000
pop of  1 C 3dxz          0.00000
pop of  1 C 3dx2-y2       0.00000
 ** Mulliken atomic charges  **
charge of    0C =      0.00000
charge of    1C =      0.00000

WARN: Even tempered Gaussians are generated as DF auxbasis for  C



******** <class 'pyscf.pbc.scf.khf.KRHF'> ********
method = KRHF
initial guess = minao
damping factor = 0
level_shift factor = 0
DIIS = <class 'pyscf.scf.diis.CDIIS'>
diis_start_cycle = 1
diis_space = 8
diis_damp = 0
SCF conv_tol = 1e-06
SCF conv_tol_grad = None
SCF max_cycles = 50
direct_scf = True
direct_scf_tol = 1e-13
chkfile to save SCF result = /resnick/scratch/yangjunjie/debug/50024454/tmp2_6varqx
max_memory 327680 MB (current use 487 MB)


******** PBC SCF flags ********
N kpts = 8
kpts = [[ 0.          0.          0.        ]
 [ 0.46609264  0.46609264 -0.46609264]
 [ 0.46609264 -0.46609264  0.46609264]
 [ 0.93218529  0.          0.        ]
 [-0.46609264  0.46609264  0.46609264]
 [ 0.          0.93218529  0.        ]
 [ 0.          0.          0.93218529]
 [ 0.46609264  0.46609264  0.46609264]]
Exchange divergence treatment (exxdiv) = ewald
    madelung (= occupied orbital energy shift) = 0.34010941527874244
    Total energy shift due to Ewald probe charge = -1/2 * Nelec*madelung = -1.36043766111
DF object = <pyscf.pbc.df.rsdf.RSGDF object at 0x7fb9c608ace0>
Set gradient conv threshold to 0.001
    CPU time for vj and vk     31.87 sec, wall time      1.01 sec
E1 = (3.9039388392809067+1.1381875676789691e-18j)  E_coul = (-3.505647743513325-1.540927929401313e-34j)
init E= -12.3888380498567
    CPU time for initialize scf     46.38 sec, wall time      1.49 sec
HOMO = 0.6194099314  LUMO = 0.804180404215
     k-point                  mo_energy
   0 ( 0.000  0.000  0.000)   [-1.9861611   0.61940993  0.61940993  0.61940993] [0.88733501 0.88733501 0.88733501 1.12754651 1.79653907 1.79653907
 1.86137499 2.09180858 2.09180858 2.09180859 2.65615051 2.65615051
 2.65615051 3.55617477 3.55617477 3.55617477 3.66556264 3.66556264
 4.21087808 4.74100992 4.74100992 4.74100992]
   1 (-0.000 -0.000  0.500)   [-0.73891691 -0.4717115   0.47075342  0.47075342] [0.94844722 1.0231716  1.0231716  1.35408862 1.63619393 1.75749735
 1.8204943  1.8204943  2.11580704 2.11580704 2.9651952  3.07740735
 3.07740735 3.10669633 3.10669634 3.30832114 3.65318996 3.65318996
 3.77332562 3.77332562 5.1454526  9.6793271 ]
   2 ( 0.000  0.500 -0.000)   [-0.73891691 -0.4717115   0.47075342  0.47075342] [0.94844722 1.0231716  1.0231716  1.35408862 1.63619393 1.75749735
 1.8204943  1.8204943  2.11580704 2.11580704 2.9651952  3.07740735
 3.07740735 3.10669633 3.10669634 3.30832114 3.65318996 3.65318996
 3.77332562 3.77332562 5.14545261 9.67932709]
   3 ( 0.000  0.500  0.500)   [-0.38225929 -0.38225929  0.25730053  0.25730053] [0.8041804  0.8041804  1.40806735 1.40806735 1.68902048 1.68902048
 2.07409214 2.07409214 2.31185661 2.31185661 2.80545767 2.80545767
 2.87718285 2.87718285 2.95870011 2.95870015 3.68217383 3.68217383
 5.05255842 5.0525614  6.82520202 6.82520208]
   4 ( 0.500  0.000  0.000)   [-0.73891691 -0.4717115   0.47075342  0.47075342] [0.94844722 1.0231716  1.0231716  1.35408862 1.63619393 1.75749735
 1.8204943  1.8204943  2.11580704 2.11580704 2.9651952  3.07740735
 3.07740735 3.10669633 3.10669634 3.30832115 3.65318996 3.65318996
 3.77332562 3.77332562 5.14545259 9.67932708]
   5 ( 0.500  0.000  0.500)   [-0.38225929 -0.38225929  0.25730053  0.25730053] [0.8041804  0.8041804  1.40806735 1.40806735 1.68902048 1.68902048
 2.07409214 2.07409214 2.31185661 2.31185661 2.80545767 2.80545767
 2.87718285 2.87718285 2.95870011 2.95870015 3.68217383 3.68217383
 5.05255841 5.05256143 6.82520203 6.82520208]
   6 ( 0.500  0.500  0.000)   [-0.38225929 -0.38225929  0.25730053  0.25730053] [0.8041804  0.8041804  1.40806735 1.40806735 1.68902048 1.68902048
 2.07409214 2.07409214 2.31185661 2.31185661 2.80545767 2.80545767
 2.87718285 2.87718285 2.95870011 2.95870015 3.68217383 3.68217383
 5.05255839 5.05256145 6.82520203 6.82520208]
   7 ( 0.500  0.500  0.500)   [-0.73891691 -0.4717115   0.47075342  0.47075342] [0.94844722 1.0231716  1.0231716  1.35408862 1.63619393 1.75749736
 1.8204943  1.8204943  2.11580704 2.11580704 2.96519519 3.07740735
 3.07740735 3.10669634 3.10669634 3.30832113 3.65318996 3.65318996
 3.77332562 3.77332562 5.14545286 9.67932731]
    CPU time for vj and vk     30.65 sec, wall time      0.97 sec
E1 = (4.088269274497348+1.718151987360189e-18j)  E_coul = (-2.2508181091287818+1.2275251742101926e-21j)
cycle= 1 E= -10.9496779802557  delta_E= 1.44  |g|= 0.618  |ddm|= 13.1
    CPU time for cycle= 1     31.53 sec, wall time      1.00 sec
HOMO = 0.339965952838  LUMO = 0.906222821639
     k-point                  mo_energy
   0 ( 0.000  0.000  0.000)   [-0.68023723  0.33996595  0.33996595  0.33996595] [0.97667661 0.97667661 0.97667661 1.31503545 1.79612402 1.79612402
 1.88525706 2.11713508 2.11713508 2.11713508 2.70239404 2.70239404
 2.70239405 3.56493651 3.56493651 3.56493651 3.69776629 3.69776629
 4.2190747  4.76938124 4.76938125 4.76938125]
   1 (-0.000 -0.000  0.500)   [-0.40873972 -0.25726864  0.22064068  0.22064068] [1.09148603 1.09148604 1.09263463 1.39294225 1.67224587 1.807032
 1.84644468 1.84644468 2.11689968 2.11689968 3.00272089 3.12184261
 3.12184261 3.13016767 3.13016767 3.32023569 3.66518984 3.66518985
 3.79982603 3.79982603 5.17957216 9.80497185]
   2 ( 0.000  0.500 -0.000)   [-0.40873972 -0.25726864  0.22064068  0.22064068] [1.09148603 1.09148604 1.09263463 1.39294225 1.67224587 1.807032
 1.84644468 1.84644468 2.11689968 2.11689968 3.00272089 3.12184261
 3.12184261 3.13016767 3.13016767 3.32023569 3.66518984 3.66518985
 3.79982603 3.79982603 5.17957216 9.80497184]
   3 ( 0.000  0.500  0.500)   [-0.25665607 -0.25665607  0.0673749   0.0673749 ] [0.90622282 0.90622282 1.49459567 1.49459568 1.74682239 1.74682239
 2.06815003 2.06815003 2.3188867  2.3188867  2.84247153 2.84247153
 2.88356504 2.88356504 2.98094654 2.98094659 3.72842097 3.72842097
 5.07410117 5.074105   6.88413742 6.88413748]
   4 ( 0.500  0.000  0.000)   [-0.40873972 -0.25726864  0.22064068  0.22064068] [1.09148603 1.09148603 1.09263463 1.39294225 1.67224587 1.807032
 1.84644468 1.84644468 2.11689968 2.11689968 3.0027209  3.12184261
 3.12184261 3.13016767 3.13016767 3.3202357  3.66518984 3.66518985
 3.79982603 3.79982603 5.17957215 9.80497183]
   5 ( 0.500  0.000  0.500)   [-0.25665607 -0.25665607  0.0673749   0.0673749 ] [0.90622282 0.90622282 1.49459567 1.49459568 1.74682239 1.74682239
 2.06815003 2.06815003 2.3188867  2.3188867  2.84247153 2.84247153
 2.88356504 2.88356504 2.98094654 2.98094659 3.72842097 3.72842097
 5.07410115 5.07410502 6.88413743 6.88413748]
   6 ( 0.500  0.500  0.000)   [-0.25665607 -0.25665607  0.0673749   0.0673749 ] [0.90622282 0.90622282 1.49459567 1.49459568 1.74682239 1.74682239
 2.06815003 2.06815003 2.3188867  2.3188867  2.84247153 2.84247153
 2.88356504 2.88356504 2.98094654 2.98094659 3.72842097 3.72842097
 5.07410113 5.07410505 6.88413743 6.88413748]
   7 ( 0.500  0.500  0.500)   [-0.40873972 -0.25726864  0.22064068  0.22064068] [1.09148603 1.09148603 1.09263463 1.39294226 1.67224587 1.80703202
 1.84644469 1.84644469 2.11689968 2.11689968 3.00272089 3.12184261
 3.12184261 3.13016767 3.13016767 3.32023568 3.66518985 3.66518985
 3.79982603 3.79982603 5.17957241 9.80497206]
    CPU time for vj and vk     31.42 sec, wall time      0.99 sec
E1 = (4.071248152969991+1.3182672985347423e-18j)  E_coul = (-2.246224507571206+1.683242187449629e-21j)
cycle= 2 E= -10.9621055002255  delta_E= -0.0124  |g|= 0.122  |ddm|= 3.39
    CPU time for cycle= 2     32.55 sec, wall time      1.03 sec
HOMO = 0.337871872326  LUMO = 0.910589649761
     k-point                  mo_energy
   0 ( 0.000  0.000  0.000)   [-0.67600986  0.33787187  0.33787187  0.33787187] [0.9817871  0.9817871  0.98178711 1.32609475 1.79684078 1.79684078
 1.88603323 2.11889974 2.11889974 2.11889974 2.70412719 2.70412719
 2.70412719 3.56561426 3.56561426 3.56561427 3.70035565 3.70035565
 4.21824168 4.77148826 4.77148827 4.77148827]
   1 (-0.000 -0.000  0.500)   [-0.40570793 -0.25618965  0.21938315  0.21938315] [1.09556424 1.09556424 1.10016296 1.39488209 1.67510123 1.81023557
 1.84784543 1.84784543 2.11757155 2.11757155 3.00545034 3.12298038
 3.12298038 3.13353615 3.13353615 3.32104898 3.66591955 3.66591955
 3.80167304 3.80167304 5.1808844  9.80966155]
   2 ( 0.000  0.500 -0.000)   [-0.40570793 -0.25618965  0.21938315  0.21938315] [1.09556424 1.09556424 1.10016296 1.39488209 1.67510123 1.81023557
 1.84784543 1.84784543 2.11757155 2.11757155 3.00545034 3.12298038
 3.12298038 3.13353615 3.13353615 3.32104898 3.66591954 3.66591955
 3.80167304 3.80167304 5.18088441 9.80966154]
   3 ( 0.000  0.500  0.500)   [-0.25471785 -0.25471785  0.06637815  0.06637815] [0.91058965 0.91058965 1.50050467 1.50050467 1.75081797 1.75081797
 2.06792874 2.06792874 2.32015489 2.32015489 2.84494861 2.84494861
 2.88409642 2.88409642 2.982177   2.98217705 3.73180269 3.73180269
 5.07523919 5.07524308 6.88618108 6.88618114]
   4 ( 0.500  0.000  0.000)   [-0.40570793 -0.25618965  0.21938315  0.21938315] [1.09556424 1.09556424 1.10016296 1.39488209 1.67510123 1.81023558
 1.84784543 1.84784543 2.11757155 2.11757155 3.00545034 3.12298038
 3.12298038 3.13353615 3.13353615 3.32104899 3.66591954 3.66591955
 3.80167304 3.80167304 5.18088439 9.80966153]
   5 ( 0.500  0.000  0.500)   [-0.25471785 -0.25471785  0.06637815  0.06637815] [0.91058965 0.91058965 1.50050467 1.50050467 1.75081797 1.75081797
 2.06792874 2.06792874 2.32015489 2.32015489 2.84494861 2.84494861
 2.88409642 2.88409642 2.982177   2.98217705 3.73180269 3.73180269
 5.07523917 5.07524311 6.88618109 6.88618114]
   6 ( 0.500  0.500  0.000)   [-0.25471785 -0.25471785  0.06637815  0.06637815] [0.91058965 0.91058965 1.50050467 1.50050467 1.75081797 1.75081797
 2.06792874 2.06792874 2.32015489 2.32015489 2.84494861 2.84494861
 2.88409642 2.88409642 2.982177   2.98217705 3.73180269 3.73180269
 5.07523915 5.07524314 6.88618109 6.88618114]
   7 ( 0.500  0.500  0.500)   [-0.40570793 -0.25618965  0.21938315  0.21938315] [1.09556424 1.09556424 1.10016296 1.39488209 1.67510123 1.81023559
 1.84784543 1.84784543 2.11757155 2.11757155 3.00545033 3.12298038
 3.12298038 3.13353615 3.13353615 3.32104897 3.66591955 3.66591955
 3.80167304 3.80167304 5.18088465 9.80966176]
    CPU time for vj and vk     34.53 sec, wall time      1.09 sec
E1 = (4.069546110218679+1.2107490004320416e-18j)  E_coul = (-2.2450534435152636-7.971513727079087e-22j)
cycle= 3 E= -10.9626364789208  delta_E= -0.000531  |g|= 0.00509  |ddm|= 0.902
    CPU time for cycle= 3     35.39 sec, wall time      1.11 sec
HOMO = 0.337806836727  LUMO = 0.910582263074
     k-point                  mo_energy
   0 ( 0.000  0.000  0.000)   [-0.67579119  0.33780684  0.33780684  0.33780684] [0.98190637 0.98190637 0.98190637 1.32622386 1.79685211 1.79685211
 1.88591238 2.11884653 2.11884653 2.11884653 2.70405552 2.70405552
 2.70405552 3.56558417 3.56558417 3.56558418 3.70033707 3.70033707
 4.21822697 4.77146702 4.77146703 4.77146703]
   1 (-0.000 -0.000  0.500)   [-0.40538773 -0.25609524  0.21938807  0.21938807] [1.09562164 1.09562164 1.10028246 1.39483596 1.67487468 1.81016628
 1.84778826 1.84778826 2.11751669 2.1175167  3.00538814 3.12297452
 3.12297452 3.13350095 3.13350095 3.32103184 3.66589848 3.66589848
 3.80164796 3.80164796 5.18087236 9.80958361]
   2 ( 0.000  0.500 -0.000)   [-0.40538773 -0.25609524  0.21938807  0.21938807] [1.09562164 1.09562164 1.10028246 1.39483596 1.67487468 1.81016628
 1.84778826 1.84778826 2.11751669 2.1175167  3.00538814 3.12297452
 3.12297452 3.13350095 3.13350095 3.32103184 3.66589848 3.66589848
 3.80164796 3.80164796 5.18087236 9.8095836 ]
   3 ( 0.000  0.500  0.500)   [-0.25446228 -0.25446228  0.06637729  0.06637729] [0.91058226 0.91058226 1.50055859 1.5005586  1.75066331 1.75066331
 2.0678207  2.0678207  2.32016041 2.32016041 2.84489687 2.84489687
 2.88407793 2.88407793 2.9821532  2.98215326 3.73176529 3.73176529
 5.07522009 5.07522399 6.88615407 6.88615413]
   4 ( 0.500  0.000  0.000)   [-0.40538773 -0.25609524  0.21938807  0.21938807] [1.09562164 1.09562164 1.10028246 1.39483596 1.67487468 1.81016628
 1.84778826 1.84778826 2.11751669 2.1175167  3.00538814 3.12297452
 3.12297452 3.13350095 3.13350095 3.32103184 3.66589848 3.66589849
 3.80164796 3.80164796 5.18087235 9.80958359]
   5 ( 0.500  0.000  0.500)   [-0.25446228 -0.25446228  0.06637729  0.06637729] [0.91058226 0.91058226 1.50055859 1.50055859 1.75066331 1.75066331
 2.0678207  2.0678207  2.32016041 2.32016041 2.84489687 2.84489687
 2.88407793 2.88407793 2.9821532  2.98215326 3.73176529 3.73176529
 5.07522008 5.07522402 6.88615407 6.88615413]
   6 ( 0.500  0.500  0.000)   [-0.25446228 -0.25446228  0.06637729  0.06637729] [0.91058226 0.91058226 1.50055859 1.50055859 1.75066331 1.75066331
 2.0678207  2.0678207  2.32016041 2.32016041 2.84489687 2.84489687
 2.88407793 2.88407793 2.9821532  2.98215326 3.73176529 3.73176529
 5.07522005 5.07522404 6.88615407 6.88615413]
   7 ( 0.500  0.500  0.500)   [-0.40538773 -0.25609524  0.21938807  0.21938807] [1.09562164 1.09562164 1.10028246 1.39483597 1.67487468 1.8101663
 1.84778826 1.84778826 2.11751669 2.11751669 3.00538813 3.12297452
 3.12297452 3.13350095 3.13350095 3.32103183 3.66589849 3.66589849
 3.80164796 3.80164796 5.18087261 9.80958382]
    CPU time for vj and vk     25.32 sec, wall time      0.80 sec
E1 = (4.0696907474093145+1.2081953897666118e-18j)  E_coul = (-2.2451993208898076+1.5891579439714066e-20j)
cycle= 4 E= -10.9626377191047  delta_E= -1.24e-06  |g|= 0.000528  |ddm|= 0.0412
    CPU time for cycle= 4     26.87 sec, wall time      0.85 sec
HOMO = 0.33776893865  LUMO = 0.91056607118
     k-point                  mo_energy
   0 ( 0.000  0.000  0.000)   [-0.67584563  0.33776894  0.33776894  0.33776894] [0.98188374 0.98188374 0.98188374 1.32621906 1.79683838 1.79683838
 1.88593223 2.1188351  2.1188351  2.1188351  2.70402774 2.70402774
 2.70402774 3.56557587 3.56557587 3.56557587 3.70031779 3.70031779
 4.21821986 4.77145045 4.77145046 4.77145046]
   1 (-0.000 -0.000  0.500)   [-0.40541295 -0.25616399  0.21935127  0.21935127] [1.09559808 1.09559808 1.1002783  1.3948286  1.67487441 1.81015054
 1.84776697 1.84776697 2.11750714 2.11750714 3.00537122 3.12296355
 3.12296355 3.13347169 3.13347169 3.3210249  3.6658902  3.6658902
 3.80163081 3.80163081 5.18085354 9.8094991 ]
   2 ( 0.000  0.500 -0.000)   [-0.40541295 -0.25616399  0.21935127  0.21935127] [1.09559808 1.09559808 1.1002783  1.3948286  1.67487441 1.81015054
 1.84776697 1.84776697 2.11750714 2.11750714 3.00537122 3.12296355
 3.12296355 3.13347169 3.13347169 3.3210249  3.6658902  3.6658902
 3.80163081 3.80163081 5.18085354 9.80949909]
   3 ( 0.000  0.500  0.500)   [-0.25450073 -0.25450073  0.06633841  0.06633841] [0.91056607 0.91056607 1.50052484 1.50052484 1.7506482  1.7506482
 2.06780942 2.06780942 2.32014797 2.32014797 2.84487479 2.84487479
 2.88407472 2.88407472 2.98213892 2.98213898 3.73174335 3.73174335
 5.0752059  5.0752098  6.88611332 6.88611338]
   4 ( 0.500  0.000  0.000)   [-0.40541295 -0.25616399  0.21935127  0.21935127] [1.09559808 1.09559808 1.1002783  1.3948286  1.67487441 1.81015054
 1.84776697 1.84776697 2.11750714 2.11750714 3.00537122 3.12296355
 3.12296355 3.13347169 3.13347169 3.3210249  3.6658902  3.6658902
 3.80163081 3.80163081 5.18085353 9.80949908]
   5 ( 0.500  0.000  0.500)   [-0.25450073 -0.25450073  0.06633841  0.06633841] [0.91056607 0.91056607 1.50052484 1.50052484 1.75064819 1.7506482
 2.06780942 2.06780942 2.32014797 2.32014797 2.84487479 2.84487479
 2.88407472 2.88407472 2.98213892 2.98213898 3.73174335 3.73174335
 5.07520589 5.07520983 6.88611332 6.88611338]
   6 ( 0.500  0.500  0.000)   [-0.25450073 -0.25450073  0.06633841  0.06633841] [0.91056607 0.91056607 1.50052484 1.50052484 1.75064819 1.7506482
 2.06780942 2.06780942 2.32014797 2.32014797 2.84487479 2.84487479
 2.88407472 2.88407472 2.98213892 2.98213898 3.73174335 3.73174335
 5.07520586 5.07520985 6.88611332 6.88611338]
   7 ( 0.500  0.500  0.500)   [-0.40541295 -0.25616399  0.21935127  0.21935127] [1.09559808 1.09559808 1.1002783  1.3948286  1.67487441 1.81015056
 1.84776697 1.84776697 2.11750714 2.11750714 3.00537121 3.12296355
 3.12296355 3.13347169 3.13347169 3.32102488 3.6658902  3.66589021
 3.80163081 3.80163081 5.18085379 9.80949931]
    CPU time for vj and vk     21.90 sec, wall time      0.69 sec
E1 = (4.069703991095797+1.2079849871450598e-18j)  E_coul = (-2.245212582758875-1.2070190793722243e-21j)
cycle= 5 E= -10.9626377372873  delta_E= -1.82e-08  |g|= 7.93e-05  |ddm|= 0.0122
    CPU time for cycle= 5     22.85 sec, wall time      0.72 sec
HOMO = 0.337772042005  LUMO = 0.910566001759
     k-point                  mo_energy
   0 ( 0.000  0.000  0.000)   [-0.6758402   0.33777204  0.33777204  0.33777204] [0.98188371 0.98188371 0.98188371 1.32622307 1.79683845 1.79683845
 1.88593061 2.11883439 2.11883439 2.11883439 2.70402883 2.70402883
 2.70402884 3.56557595 3.56557595 3.56557595 3.70031787 3.70031787
 4.21822134 4.77145065 4.77145065 4.77145066]
   1 (-0.000 -0.000  0.500)   [-0.40540597 -0.25616017  0.21935375  0.21935375] [1.09559769 1.09559769 1.10028127 1.39482653 1.67487237 1.81015083
 1.84776753 1.84776753 2.11750715 2.11750715 3.0053717  3.12296375
 3.12296375 3.1334725  3.1334725  3.32102492 3.66589036 3.66589036
 3.80163119 3.8016312  5.18085548 9.80950648]
   2 ( 0.000  0.500 -0.000)   [-0.40540597 -0.25616017  0.21935375  0.21935375] [1.09559769 1.09559769 1.10028127 1.39482653 1.67487237 1.81015083
 1.84776753 1.84776753 2.11750715 2.11750715 3.0053717  3.12296375
 3.12296375 3.1334725  3.1334725  3.32102492 3.66589036 3.66589036
 3.80163119 3.80163119 5.18085548 9.80950647]
   3 ( 0.000  0.500  0.500)   [-0.25449459 -0.25449459  0.06634025  0.06634025] [0.910566   0.910566   1.50052517 1.50052518 1.75064746 1.75064746
 2.06780936 2.06780936 2.32014819 2.32014819 2.84487539 2.84487539
 2.88407467 2.88407467 2.98213938 2.98213944 3.73174357 3.73174357
 5.07520665 5.07521054 6.88611708 6.88611714]
   4 ( 0.500  0.000  0.000)   [-0.40540597 -0.25616017  0.21935375  0.21935375] [1.09559769 1.09559769 1.10028127 1.39482653 1.67487237 1.81015083
 1.84776753 1.84776753 2.11750715 2.11750715 3.0053717  3.12296375
 3.12296375 3.1334725  3.1334725  3.32102492 3.66589036 3.66589036
 3.80163119 3.80163119 5.18085547 9.80950646]
   5 ( 0.500  0.000  0.500)   [-0.25449459 -0.25449459  0.06634025  0.06634025] [0.910566   0.910566   1.50052517 1.50052518 1.75064746 1.75064746
 2.06780936 2.06780936 2.32014819 2.32014819 2.84487539 2.84487539
 2.88407467 2.88407467 2.98213938 2.98213944 3.73174357 3.73174357
 5.07520664 5.07521057 6.88611708 6.88611714]
   6 ( 0.500  0.500  0.000)   [-0.25449459 -0.25449459  0.06634025  0.06634025] [0.910566   0.910566   1.50052517 1.50052518 1.75064746 1.75064746
 2.06780936 2.06780936 2.32014819 2.32014819 2.84487539 2.84487539
 2.88407467 2.88407467 2.98213938 2.98213944 3.73174357 3.73174357
 5.07520661 5.0752106  6.88611708 6.88611714]
   7 ( 0.500  0.500  0.500)   [-0.40540597 -0.25616017  0.21935375  0.21935375] [1.09559769 1.09559769 1.10028127 1.39482654 1.67487237 1.81015085
 1.84776754 1.84776754 2.11750715 2.11750715 3.00537169 3.12296375
 3.12296375 3.13347249 3.13347249 3.3210249  3.66589037 3.66589037
 3.80163119 3.80163119 5.18085573 9.80950669]
    CPU time for vj and vk     34.13 sec, wall time      1.07 sec
E1 = (4.069705370166991+1.2079404486046618e-18j)  E_coul = (-2.245213962217243+1.7972822564952745e-20j)
Extra cycle  E= -10.9626377376745  delta_E= -3.87e-10  |g|= 2.49e-05  |ddm|= 0.00122
    CPU time for scf_cycle    230.40 sec, wall time      7.29 sec
    CPU time for SCF    237.12 sec, wall time      7.78 sec
converged SCF energy = -10.9626377376745
**** SCF Summaries ****
Total Energy =                         -10.962637737674491
Nuclear Repulsion Energy =             -12.787129145624240
One-electron Energy =                    4.069705370166991
Two-electron Energy =                   -2.245213962217243

WARN: Weak orthogonality for localized orbitals 1.3789833589667062e-09

 ** Mulliken pop on meta-lowdin orthogonal AOs **
 ** Mulliken pop  **
pop of  0 C 2s            0.88067
pop of  0 C 3s            0.00261
pop of  0 C 2px           1.03126
pop of  0 C 2py           1.03126
pop of  0 C 2pz           1.03126
pop of  0 C 3px           0.00304
pop of  0 C 3py           0.00304
pop of  0 C 3pz           0.00304
pop of  0 C 3dxy          0.00448
pop of  0 C 3dyz          0.00448
pop of  0 C 3dz^2         0.00019
pop of  0 C 3dxz          0.00448
pop of  0 C 3dx2-y2       0.00019
pop of  1 C 2s            0.88067
pop of  1 C 3s            0.00261
pop of  1 C 2px           1.03126
pop of  1 C 2py           1.03126
pop of  1 C 2pz           1.03126
pop of  1 C 3px           0.00304
pop of  1 C 3py           0.00304
pop of  1 C 3pz           0.00304
pop of  1 C 3dxy          0.00448
pop of  1 C 3dyz          0.00448
pop of  1 C 3dz^2         0.00019
pop of  1 C 3dxz          0.00448
pop of  1 C 3dx2-y2       0.00019
 ** Mulliken atomic charges  **
charge of    0C =      0.00000
charge of    1C =     -0.00000
    CPU time for vj and vk     22.15 sec, wall time      0.70 sec

******** <class 'pyscf.pbc.mp.kmp2.KMP2'> ********
nkpts = 8
nocc = 4
nmo = 26
with_df_ints = True
max_memory 327680 MB (current use 526 MB)
    CPU time for transforming DF-MP2 integrals      7.00 sec, wall time      0.28 sec
    CPU time for KMP2     11.99 sec, wall time      0.54 sec
E(KMP2) = -11.1977932001725  E_corr = -0.235155462498051
E(SCS-KMP2) = -11.1893069366686  E_corr = -0.226669198994075
E_corr(same-spin) = -0.0640584876964458
E_corr(oppo-spin) = -0.171096974801606
    CPU time for vj and vk     27.49 sec, wall time      0.87 sec
E(RCCSD) = -11.21001143562739  E_corr = -0.2473736979528962
End time = Thu Jun  5 03:17:44 PM PDT 2025
