SLURMD_NODENAME = hpc-34-37
Start time = Tue Apr 29 04:42:49 PM PDT 2025
OMP_NUM_THREADS = 20
MKL_NUM_THREADS = 4
OPENBLAS_NUM_THREADS = 4
PYSCF_MAX_MEMORY = 204800
TMPDIR = /resnick/scratch/yangjunjie//nio-afm/49043627/
PYSCF_TMPDIR = /resnick/scratch/yangjunjie//nio-afm/49043627/

Running /resnick/groups/changroup/members/junjiey/fftisdf-with-dmet/test/test-nio-afm-trans2e/main.py with:
name: nio-afm
xc: None
kmesh: 4-4-4
basis: gth-dzvp-molopt-sr
pseudo: gth-pbe
ke_cutoff: 50.0
density_fitting_method: fftisdf-20
is_unrestricted: True
init_guess_method: minao
df_to_read: None


Cholesky rank = 10014, c0 =  20.00, nao = 78, nip = 1560
Parent grid size = 35937, selected grid size = 1560
truncated values = 5.42e+03, estimated error = 2.37e+01
Preparing initial guess for spin polarized calculation
Alph label: ['0 Ni 3dz2', '0 Ni 3dx2-y2'], Index: [13]
Beta label: ['1 Ni 3dz2', '1 Ni 3dx2-y2'], Index: [39]
 ** Mulliken pop alpha/beta on meta-lowdin orthogonal AOs **
 ** Mulliken pop       alpha | beta **
pop of  0 Ni 3s        1.00993 | 1.00993   
pop of  0 Ni 4s        0.01022 | 0.01022   
pop of  0 Ni 5s        0.00000 | 0.00000   
pop of  0 Ni 3px       1.00359 | 1.00359   
pop of  0 Ni 3py       1.00359 | 1.00359   
pop of  0 Ni 3pz       1.00359 | 1.00359   
pop of  0 Ni 4px       0.00000 | 0.00000   
pop of  0 Ni 4py       0.00000 | 0.00000   
pop of  0 Ni 4pz       0.00000 | 0.00000   
pop of  0 Ni 3dxy      0.99949 | 0.99949   
pop of  0 Ni 3dyz      0.99949 | 0.99949   
pop of  0 Ni 3dz^2     0.99848 | 0.99848   
pop of  0 Ni 3dxz      0.99949 | 0.99949   
pop of  0 Ni 3dx2-y2    0.99848 | 0.00545   
pop of  0 Ni 4dxy      0.00000 | 0.00000   
pop of  0 Ni 4dyz      0.00000 | 0.00000   
pop of  0 Ni 4dz^2     0.00000 | 0.00000   
pop of  0 Ni 4dxz      0.00000 | 0.00000   
pop of  0 Ni 4dx2-y2    0.00000 | 0.00000   
pop of  0 Ni 4f-3      0.00000 | 0.00000   
pop of  0 Ni 4f-2      0.00000 | 0.00000   
pop of  0 Ni 4f-1      0.00000 | 0.00000   
pop of  0 Ni 4f+0      0.00000 | 0.00000   
pop of  0 Ni 4f+1      0.00000 | 0.00000   
pop of  0 Ni 4f+2      0.00000 | 0.00000   
pop of  0 Ni 4f+3      0.00000 | 0.00000   
pop of  1 Ni 3s        1.00993 | 1.00993   
pop of  1 Ni 4s        0.01022 | 0.01022   
pop of  1 Ni 5s        0.00000 | 0.00000   
pop of  1 Ni 3px       1.00359 | 1.00359   
pop of  1 Ni 3py       1.00359 | 1.00359   
pop of  1 Ni 3pz       1.00359 | 1.00359   
pop of  1 Ni 4px       0.00000 | 0.00000   
pop of  1 Ni 4py       0.00000 | 0.00000   
pop of  1 Ni 4pz       0.00000 | 0.00000   
pop of  1 Ni 3dxy      0.99949 | 0.99949   
pop of  1 Ni 3dyz      0.99949 | 0.99949   
pop of  1 Ni 3dz^2     0.99848 | 0.99848   
pop of  1 Ni 3dxz      0.99949 | 0.99949   
pop of  1 Ni 3dx2-y2    0.00545 | 0.99848   
pop of  1 Ni 4dxy      0.00000 | 0.00000   
pop of  1 Ni 4dyz      0.00000 | 0.00000   
pop of  1 Ni 4dz^2     0.00000 | 0.00000   
pop of  1 Ni 4dxz      0.00000 | 0.00000   
pop of  1 Ni 4dx2-y2    0.00000 | 0.00000   
pop of  1 Ni 4f-3      0.00000 | 0.00000   
pop of  1 Ni 4f-2      0.00000 | 0.00000   
pop of  1 Ni 4f-1      0.00000 | 0.00000   
pop of  1 Ni 4f+0      0.00000 | 0.00000   
pop of  1 Ni 4f+1      0.00000 | 0.00000   
pop of  1 Ni 4f+2      0.00000 | 0.00000   
pop of  1 Ni 4f+3      0.00000 | 0.00000   
pop of  2 O 2s        0.99211 | 0.99211   
pop of  2 O 3s        0.00000 | 0.00000   
pop of  2 O 2px       0.65898 | 0.65898   
pop of  2 O 2py       0.65898 | 0.65898   
pop of  2 O 2pz       0.66009 | 0.66009   
pop of  2 O 3px       0.00000 | 0.00000   
pop of  2 O 3py       0.00000 | 0.00000   
pop of  2 O 3pz       0.00000 | 0.00000   
pop of  2 O 3dxy      0.00000 | 0.00000   
pop of  2 O 3dyz      0.00000 | 0.00000   
pop of  2 O 3dz^2     0.00000 | 0.00000   
pop of  2 O 3dxz      0.00000 | 0.00000   
pop of  2 O 3dx2-y2    0.00000 | 0.00000   
pop of  3 O 2s        0.99211 | 0.99211   
pop of  3 O 3s        0.00000 | 0.00000   
pop of  3 O 2px       0.65898 | 0.65898   
pop of  3 O 2py       0.65898 | 0.65898   
pop of  3 O 2pz       0.66009 | 0.66009   
pop of  3 O 3px       0.00000 | 0.00000   
pop of  3 O 3py       0.00000 | 0.00000   
pop of  3 O 3pz       0.00000 | 0.00000   
pop of  3 O 3dxy      0.00000 | 0.00000   
pop of  3 O 3dyz      0.00000 | 0.00000   
pop of  3 O 3dz^2     0.00000 | 0.00000   
pop of  3 O 3dxz      0.00000 | 0.00000   
pop of  3 O 3dx2-y2    0.00000 | 0.00000   
In total            23.00000 | 23.00000  
 ** Mulliken atomic charges   ( Nelec_alpha | Nelec_beta ) **
charge of  0Ni =      0.94030  (     9.02636      8.03334 )
charge of  1Ni =      0.94030  (     8.03334      9.02636 )
charge of  2O =      0.05970  (     2.97015      2.97015 )
charge of  3O =      0.05970  (     2.97015      2.97015 )


******** <class 'fft.isdf.InterpolativeSeparableDensityFitting'> ********
mesh = [33 33 33] (35937 PWs)
len(kpts) = 64
tol = 1e-08
c0 = None
wrap_around = True
blksize = None
isdf_to_save = /resnick/scratch/yangjunjie/nio-afm/49043627/tmp3ffu4vh4
Overwritten attributes  build  of <class 'fft.isdf.InterpolativeSeparableDensityFitting'>

WARN: ke_cutoff/mesh (50 / [33 33 33]) is not enough for FFTDF to get integral accuracy 1e-08.
Coulomb integral error is ~ 1.5e+02 Eh.
Recommended ke_cutoff/mesh are 1172.14 / [151 151 151].

Using pre-computed interpolating vectors, c0 is not used
    CPU time for building inpv_kpt      1.01 sec, wall time      0.08 sec

Out-core version is used for eta_kpt.
disk space required: 5.74e+01 GB.
memory needed for each block:   4.08e+01 GB
memory needed for each k-point: 8.97e-01 GB
max_memory: 2.04e+02 GB

Computing eta_kpt
    CPU time for eta_kpt[     0: 25572]    314.60 sec, wall time     70.10 sec
    CPU time for eta_kpt[ 25572: 35937]    137.97 sec, wall time     27.94 sec
    CPU time for building eta_kpt    461.93 sec, wall time     98.58 sec

Computing coul_kpt
    CPU time for coul_kpt[  1 / 64]     93.85 sec, wall time      6.93 sec
    CPU time for coul_kpt[  2 / 64]     78.82 sec, wall time      6.28 sec
    CPU time for coul_kpt[  3 / 64]     78.75 sec, wall time      6.22 sec
    CPU time for coul_kpt[  4 / 64]     82.87 sec, wall time      6.68 sec
    CPU time for coul_kpt[  5 / 64]    101.35 sec, wall time      7.98 sec
    CPU time for coul_kpt[  6 / 64]     88.15 sec, wall time      6.84 sec
    CPU time for coul_kpt[  7 / 64]     78.72 sec, wall time      6.25 sec
    CPU time for coul_kpt[  8 / 64]     78.98 sec, wall time      6.30 sec
    CPU time for coul_kpt[  9 / 64]     78.84 sec, wall time      6.28 sec
    CPU time for coul_kpt[ 10 / 64]     78.87 sec, wall time      6.29 sec
    CPU time for coul_kpt[ 11 / 64]     78.78 sec, wall time      6.24 sec
    CPU time for coul_kpt[ 12 / 64]     78.87 sec, wall time      6.29 sec
    CPU time for coul_kpt[ 13 / 64]     78.93 sec, wall time      6.30 sec
    CPU time for coul_kpt[ 14 / 64]     78.78 sec, wall time      6.25 sec
    CPU time for coul_kpt[ 15 / 64]     78.78 sec, wall time      6.26 sec
    CPU time for coul_kpt[ 16 / 64]     78.76 sec, wall time      6.28 sec
    CPU time for coul_kpt[ 17 / 64]     78.82 sec, wall time      6.27 sec
    CPU time for coul_kpt[ 18 / 64]     78.69 sec, wall time      6.24 sec
    CPU time for coul_kpt[ 19 / 64]     78.86 sec, wall time      6.26 sec
    CPU time for coul_kpt[ 20 / 64]     78.75 sec, wall time      6.26 sec
    CPU time for coul_kpt[ 21 / 64]     78.84 sec, wall time      6.26 sec
    CPU time for coul_kpt[ 22 / 64]     78.84 sec, wall time      6.29 sec
    CPU time for coul_kpt[ 23 / 64]     78.79 sec, wall time      6.26 sec
    CPU time for coul_kpt[ 24 / 64]     78.61 sec, wall time      6.26 sec
    CPU time for coul_kpt[ 25 / 64]     78.79 sec, wall time      6.28 sec
    CPU time for coul_kpt[ 26 / 64]     78.92 sec, wall time      6.30 sec
    CPU time for coul_kpt[ 27 / 64]     78.80 sec, wall time      6.22 sec
    CPU time for coul_kpt[ 28 / 64]     78.85 sec, wall time      6.27 sec
    CPU time for coul_kpt[ 29 / 64]     78.86 sec, wall time      6.29 sec
    CPU time for coul_kpt[ 30 / 64]     78.93 sec, wall time      6.30 sec
    CPU time for coul_kpt[ 31 / 64]     78.99 sec, wall time      6.27 sec
slurmstepd: error: *** JOB 49043627 ON hpc-34-37 CANCELLED AT 2025-04-29T16:52:51 DUE TO TIME LIMIT ***
